// Jest Snapshot v1, https://goo.gl/fbAQLP

exports[`App Displays the campaigns 1`] = `
<div
  class="tlp-framed-horizontally test-plan-app"
>
  <list-of-backlog-items-stub />
   
  <list-of-campaigns-stub />
</div>
`;
