// Jest Snapshot v1, https://goo.gl/fbAQLP

exports[`Breadcrumb When user is not program admin, Then breadcrumb does not contain administration link 1`] = `
<div
  class="breadcrumb-container"
>
  <breadcrumb-privacy-stub
    privacy="[object Object]"
    project_flags=""
    project_public_name="Public name"
  />
   
  <nav
    class="breadcrumb"
  >
    <div
      class="breadcrumb-item breadcrumb-project"
    >
      <a
        class="breadcrumb-link"
        href="/projects/short-name"
      >
        <span
          aria-hidden="true"
        >
          
        </span>
        
                Public name
            
      </a>
    </div>
     
    <div
      class="breadcrumb-item"
      data-test="breadcrumb-item-switchable"
    >
      <a
        class="breadcrumb-link"
        data-current-language="en_US"
        data-msgid="Program"
        href="/program_management/short-name"
      >
        Program
      </a>
       
      <!---->
    </div>
  </nav>
</div>
`;
