// Jest Snapshot v1, https://goo.gl/fbAQLP

exports[`CampaignEmptyState Displays empty state with new campaign creation button 1`] = `
<section
  class="empty-state-pane"
>
  <div
    class="empty-state-illustration"
  >
    <campaign-empty-state-svg-stub />
  </div>
   
  <p
    class="empty-state-text"
  >
    <translate-stub
      tag="span"
    >
      There is no test campaign yet
    </translate-stub>
  </p>
   
  <button
    class="tlp-button-primary tlp-button-outline empty-state-action"
    data-test="new-campaign"
    type="button"
  >
    <i
      class="fa fa-plus tlp-button-icon"
    />
     
    <translate-stub
      tag="span"
    >
      Create new campaign
    </translate-stub>
  </button>
</section>
`;
