// Jest Snapshot v1, https://goo.gl/fbAQLP

exports[`Burnup When component is renderer, Then there is a svg element with id of release 1`] = `
<div
  class="release-chart-container"
>
  <svg
    class="release-chart"
    id="chart-burnup-2"
  />
</div>
`;
