// Jest Snapshot v1, https://goo.gl/fbAQLP

exports[`BreadcrumbPrivacy displays project flags 1`] = `
<div class="breadcrumb-privacy-icon-container"><span data-privacy-icon="fa-lock-open" class="breadcrumb-project-privacy-icon-with-flags"><i class="fas breadcrumb-project-privacy-icon fa-lock-open"></i> <span class="current-project-nav-flag-labels"><span class="current-project-nav-flag-label">
                Confidentiel
            </span><span class="current-project-nav-flag-label">
                Top secret
            </span></span></span>
  <section id="current-project-nav-title-popover" class="tlp-popover" style="position: absolute; left: 0px; top: 0px; margin: 0px;">
    <div class="tlp-popover-arrow" style="position: absolute;"></div>
    <div class="tlp-popover-header">
      <h1 class="tlp-popover-title">ACME</h1>
    </div>
    <div class="tlp-popover-body">
      <div class="current-project-nav-flag-popover-flag"><i class="fa fa-lock-open"></i>
        <h2 class="current-project-nav-flag-popover-content-title">

        </h2>
        <p class="current-project-nav-title-popover-description">
          Some text
        </p>
      </div>
      <hr class="current-project-nav-flag-popover-separator">
      <div class="current-project-nav-flag-popover-flag"><svg xmlns="http://www.w3.org/2000/svg" width="16" height="18" viewBox="0 0 16 18" class="tuleap-svg tuleap-svg-project-shield">
          <path fill="#283E45" d="M7.11616328,2.18186418 C7.68414571,1.93937861 8.32652235,1.93937861 8.89450477,2.18186418 L11.9271885,3.47659098 L15.0996093,4.83097494 C15.5816696,5.03677827 15.9110974,5.49147052 15.9564706,6.01365671 L15.9565022,6.01365395 C16.1818882,8.60755055 15.5313873,11.2346362 14.0049995,13.8949108 C12.4001774,16.6918852 10.5214925,18.6824965 8.36894465,19.8667446 C8.13889521,19.9933089 7.86050368,19.9952005 7.62875554,19.8717742 L7.62876743,19.8717519 C5.40633678,18.6881115 3.50784562,16.6958311 1.93329396,13.8949108 C0.436552873,11.2324052 -0.191114268,8.60314433 0.0502925379,6.00712815 C0.0985397101,5.48829257 0.427159743,5.03759169 0.90638766,4.83299758 L4.08347953,3.47659098 L7.11616328,2.18186418 Z M8.14534465,4.28634334 L8.14534465,17.3539843 C9.75854566,16.3823709 11.1078209,14.8842518 12.1931704,12.859627 C13.1416028,11.090409 13.7197177,9.3452093 13.9275149,7.62402786 L13.9275498,7.62403207 C13.9802257,7.18771829 13.7418721,6.76814784 13.3401208,6.5899895 L8.14534465,4.28634334 Z" transform="translate(0 -2)"></path>
        </svg>
        <h2 class="current-project-nav-flag-popover-content-title">
          Confidentiel
        </h2>
        <p class="current-project-nav-flag-popover-content-description">
          Description de confidentiel
        </p>
      </div>
      <div class="current-project-nav-flag-popover-flag"><svg xmlns="http://www.w3.org/2000/svg" width="16" height="18" viewBox="0 0 16 18" class="tuleap-svg tuleap-svg-project-shield">
          <path fill="#283E45" d="M7.11616328,2.18186418 C7.68414571,1.93937861 8.32652235,1.93937861 8.89450477,2.18186418 L11.9271885,3.47659098 L15.0996093,4.83097494 C15.5816696,5.03677827 15.9110974,5.49147052 15.9564706,6.01365671 L15.9565022,6.01365395 C16.1818882,8.60755055 15.5313873,11.2346362 14.0049995,13.8949108 C12.4001774,16.6918852 10.5214925,18.6824965 8.36894465,19.8667446 C8.13889521,19.9933089 7.86050368,19.9952005 7.62875554,19.8717742 L7.62876743,19.8717519 C5.40633678,18.6881115 3.50784562,16.6958311 1.93329396,13.8949108 C0.436552873,11.2324052 -0.191114268,8.60314433 0.0502925379,6.00712815 C0.0985397101,5.48829257 0.427159743,5.03759169 0.90638766,4.83299758 L4.08347953,3.47659098 L7.11616328,2.18186418 Z M8.14534465,4.28634334 L8.14534465,17.3539843 C9.75854566,16.3823709 11.1078209,14.8842518 12.1931704,12.859627 C13.1416028,11.090409 13.7197177,9.3452093 13.9275149,7.62402786 L13.9275498,7.62403207 C13.9802257,7.18771829 13.7418721,6.76814784 13.3401208,6.5899895 L8.14534465,4.28634334 Z" transform="translate(0 -2)"></path>
        </svg>
        <h2 class="current-project-nav-flag-popover-content-title">
          Top secret
        </h2>
        <p class="current-project-nav-flag-popover-content-description">
          Droit d'en connaitre ?
        </p>
      </div>
    </div>
  </section>
</div>
`;

exports[`BreadcrumbPrivacy displays the project name, the privacy icon and a basic popover 1`] = `
<div class="breadcrumb-privacy-icon-container"><span data-privacy-icon="fa-lock-open" class=""><i class="fas breadcrumb-project-privacy-icon fa-lock-open"></i> <!----></span>
  <section id="current-project-nav-title-popover" class="tlp-popover" style="position: absolute; left: 0px; top: 0px; margin: 0px;">
    <div class="tlp-popover-arrow" style="position: absolute;"></div>
    <div class="tlp-popover-header">
      <h1 class="tlp-popover-title">ACME</h1>
    </div>
    <div class="tlp-popover-body">
      <p class="current-project-nav-title-popover-description">
        Some text
      </p>
    </div>
  </section>
</div>
`;
