// Jest Snapshot v1, https://goo.gl/fbAQLP

exports[`SearchInformationPopover should display a popover content 1`] = `
<div class="popover-information"><span><i class="fas fa-question-circle popover-search-icon"></i></span>
  <section class="tlp-popover popover-search" style="position: absolute; left: 0px; top: 0px; margin: 0px;">
    <div class="tlp-popover-arrow" style="position: absolute;"></div>
    <div class="tlp-popover-header">
      <h1 class="tlp-popover-title" data-msgid="Global search information" data-current-language="en_US">Global search information</h1>
    </div>
    <div class="tlp-popover-body">
      <p data-msgid="
                Global search will search in all text properties of document (but does not look
                inside the document).
            " data-current-language="en_US">
        Global search will search in all text properties of document (but does not look
        inside the document).
      </p>
      <p data-msgid="Search allowed pattern:" data-current-language="en_US">Search allowed pattern:</p>
      <ul>
        <li>lorem =&gt; exactly "lorem"</li>
        <li>lorem* =&gt; starting by "lorem"</li>
        <li>*lorem =&gt; finishing by "lorem"</li>
        <li>lorem =&gt; exactly "lorem"</li>
      </ul>
    </div>
  </section>
</div>
`;
