// Jest Snapshot v1, https://goo.gl/fbAQLP

exports[`QueryEditor Displays a code mirror integration 1`] = `
<div
  class="cross-tracker-expert-content"
>
  <div
    class="cross-tracker-expert-content-query tlp-form-element"
  >
    <label
      class="tlp-label"
      data-current-language="en_US"
      data-msgid="Query"
      for="expert-query-textarea"
    >
      Query
    </label>
     
    <textarea
      class="cross-tracker-expert-content-query-textarea tlp-textarea"
      data-test="expert-query-textarea"
      id="expert-query-textarea"
      name="expert_query"
      placeholder="Example: @title = 'value'"
      style="display: none;"
      type="text"
    />
    <div
      class="CodeMirror cm-s-default CodeMirror-wrap"
    >
      <div
        style="overflow: hidden; position: relative; width: 3px; height: 0px;"
      >
        <textarea
          autocapitalize="off"
          autocorrect="off"
          spellcheck="false"
          style="position: absolute; bottom: -1em; padding: 0px; width: 1000px; height: 1em; outline: none;"
          tabindex="0"
        />
      </div>
      <div
        class="CodeMirror-vscrollbar"
        cm-not-content="true"
        style="display: block; bottom: 0px;"
        tabindex="-1"
      >
        <div
          style="min-width: 1px; height: 53px;"
        />
      </div>
      <div
        class="CodeMirror-hscrollbar"
        cm-not-content="true"
        tabindex="-1"
      >
        <div
          style="height: 100%; min-height: 1px; width: 0px;"
        />
      </div>
      <div
        class="CodeMirror-scrollbar-filler"
        cm-not-content="true"
      />
      <div
        class="CodeMirror-gutter-filler"
        cm-not-content="true"
      />
      <div
        class="CodeMirror-scroll"
        tabindex="-1"
      >
        <div
          class="CodeMirror-sizer"
          style="margin-left: 0px; padding-right: 0px; padding-bottom: 0px;"
        >
          <div
            style="position: relative;"
          >
            <div
              class="CodeMirror-lines"
              role="presentation"
            >
              <div
                role="presentation"
                style="position: relative; outline: none;"
              >
                <div
                  class="CodeMirror-measure"
                >
                  <pre
                    class="CodeMirror-line-like"
                  >
                    <span>
                      xxxxxxxxxx
                    </span>
                  </pre>
                </div>
                <div
                  class="CodeMirror-measure"
                />
                <div
                  style="position: relative; z-index: 1;"
                />
                <div
                  class="CodeMirror-cursors"
                />
                <div
                  class="CodeMirror-code"
                  role="presentation"
                />
              </div>
            </div>
          </div>
        </div>
        <div
          style="position: absolute; height: 50px; width: 1px; border-bottom: 0px solid transparent;"
        />
        <div
          class="CodeMirror-gutters"
          style="display: none;"
        />
      </div>
    </div>
     
    <p
      class="tlp-text-info"
    >
      <i
        class="fa fa-info-circle"
      />
       
      <translate-stub
        tag="span"
      >
        
                You can use: AND, OR, parenthesis. Autocomplete is activated with Ctrl + Space.
            
      </translate-stub>
    </p>
  </div>
   
  <div
    class="tlp-form-element"
  >
    <label
      class="tlp-label"
      data-current-language="en_US"
      data-msgid="
            Allowed fields
        "
      for="expert-query-allowed-fields"
    >
      
            Allowed fields
        
    </label>
     
    <select
      class="cross-tracker-expert-content-query-allowed-fields tlp-select"
      id="expert-query-allowed-fields"
      multiple="multiple"
      name="allowed-fields"
    >
      <option
        value="@title"
      >
        Title
      </option>
       
      <option
        value="@description"
      >
        Description
      </option>
       
      <option
        value="@status"
      >
        Status
      </option>
       
      <option
        value="@submitted_on"
      >
        Submitted on
      </option>
       
      <option
        value="@last_update_date"
      >
        Last update date
      </option>
       
      <option
        value="@submitted_by"
      >
        Submitted by
      </option>
       
      <option
        value="@last_update_by"
      >
        Last update by
      </option>
       
      <option
        value="@assigned_to"
      >
        Assigned to
      </option>
    </select>
  </div>
</div>
`;
