// Jest Snapshot v1, https://goo.gl/fbAQLP

exports[`ChildrenSwimlane displays the parent card in its own cell and children in cells 1`] = `
<div
  class="taskboard-swimlane"
  data-navigation="swimlane"
  tabindex="0"
>
  <parent-cell-stub
    swimlane="[object Object]"
  />
   
  <children-cell-stub
    column="[object Object]"
    column_index="0"
    swimlane="[object Object]"
  />
  <children-cell-stub
    column="[object Object]"
    column_index="1"
    swimlane="[object Object]"
  />
</div>
`;
