// Jest Snapshot v1, https://goo.gl/fbAQLP

exports[`EmptyState Displays the empty state for Backlog unplanned section 1`] = `
<section
  class="empty-state-page"
  project_public_name="Public name"
  project_short_name="short-name"
>
  <p
    class="empty-state-text"
    data-current-language="en_US"
    data-msgid="There is nothing to plan"
  >
    There is nothing to plan
  </p>
</section>
`;
